C:\Users\pc\Desktop\poscodx2023\eclipse\java-study\network\src\main\java\test\TCPClient.java
C:\Users\pc\Desktop\poscodx2023\eclipse\java-study\network\src\main\java\util\NSLookup.java
C:\Users\pc\Desktop\poscodx2023\eclipse\java-study\network\src\main\java\httpd\SimpleHttpServer.java
C:\Users\pc\Desktop\poscodx2023\eclipse\java-study\network\src\main\java\echo\EchoServer.java
C:\Users\pc\Desktop\poscodx2023\eclipse\java-study\network\src\main\java\thread\ThreadEx03.java
C:\Users\pc\Desktop\poscodx2023\eclipse\java-study\network\src\main\java\chat\gui\ChatClientApp.java
C:\Users\pc\Desktop\poscodx2023\eclipse\java-study\network\src\main\java\thread\threadEx01.java
C:\Users\pc\Desktop\poscodx2023\eclipse\java-study\network\src\main\java\test\TCPServer.java
C:\Users\pc\Desktop\poscodx2023\eclipse\java-study\network\src\main\java\chat\ChatClient.java
C:\Users\pc\Desktop\poscodx2023\eclipse\java-study\network\src\main\java\echo\EchoClient.java
C:\Users\pc\Desktop\poscodx2023\eclipse\java-study\network\src\main\java\httpd\RequestHandler.java
C:\Users\pc\Desktop\poscodx2023\eclipse\java-study\network\src\main\java\echo\EchoRequestHandler.java
C:\Users\pc\Desktop\poscodx2023\eclipse\java-study\network\src\main\java\udp\UdpEchoServer.java
C:\Users\pc\Desktop\poscodx2023\eclipse\java-study\network\src\main\java\chat\ChatClientThread.java
C:\Users\pc\Desktop\poscodx2023\eclipse\java-study\network\src\main\java\test\LocalHost.java
C:\Users\pc\Desktop\poscodx2023\eclipse\java-study\network\src\main\java\thread\ThreadEx02.java
C:\Users\pc\Desktop\poscodx2023\eclipse\java-study\network\src\main\java\chat\ChatServerThread.java
C:\Users\pc\Desktop\poscodx2023\eclipse\java-study\network\src\main\java\chat\gui\ChatWindow.java
C:\Users\pc\Desktop\poscodx2023\eclipse\java-study\network\src\main\java\thread\AlphabetThread.java
C:\Users\pc\Desktop\poscodx2023\eclipse\java-study\network\src\main\java\thread\UpperCaseAlphabet.java
C:\Users\pc\Desktop\poscodx2023\eclipse\java-study\network\src\main\java\chat\ChatServer.java
C:\Users\pc\Desktop\poscodx2023\eclipse\java-study\network\src\main\java\thread\DigitalThread.java
C:\Users\pc\Desktop\poscodx2023\eclipse\java-study\network\src\main\java\thread\UpperCaseAlphabetRunnableImpl.java
C:\Users\pc\Desktop\poscodx2023\eclipse\java-study\network\src\main\java\udp\UdpEchoClient.java
